[2026-07-13 10:18:03] Test bắt đầu 
[2026-07-13 10:18:03] Login thành công 
[2026-07-13 10:18:03] Verify dashboard OK 
[2026-07-13 10:18:03] Test kết thúc 
[2026-07-13 10:22:07] Test bắt đầu 
[2026-07-13 10:22:07] Login thành công 
[2026-07-13 10:22:07] Verify dashboard OK 
[2026-07-13 10:22:07] Test kết thúc 
[2026-07-13 10:22:23] Test bắt đầu 
[2026-07-13 10:22:23] Login thành công 
[2026-07-13 10:22:23] Verify dashboard OK 
[2026-07-13 10:22:23] Test kết thúc 
[2026-07-13 10:22:54] Test bắt đầu 
[2026-07-13 10:22:54] Login thành công 
[2026-07-13 10:22:54] Verify dashboard OK 
[2026-07-13 10:22:54] Test kết thúc 
[2026-07-13 10:23:01] Test bắt đầu 
[2026-07-13 10:23:01] Login thành công 
[2026-07-13 10:23:01] Verify dashboard OK 
[2026-07-13 10:23:01] Test kết thúc 
[2026-07-13 10:23:32] Test bắt đầu 
[2026-07-13 10:23:32] Login thành công 
[2026-07-13 10:23:32] Verify dashboard OK 
[2026-07-13 10:23:32] Test kết thúc 
[2026-07-13 10:27:32] Test bắt đầu 
[2026-07-13 10:27:32] Login thành công 
[2026-07-13 10:27:32] Verify dashboard OK 
[2026-07-13 10:27:32] Test kết thúc 
